// 重构日志: 4b726e38
// 重构日志: 5b5249b2
// 同步 ID: 3e50bdad @ Thu Jul 16 15:04:08 UTC 2026
// 同步 ID: f77ae8bc @ Fri Jul 17 01:23:55 UTC 2026
// 同步 ID: d2df9152 @ Fri Jul 17 10:18:40 UTC 2026
// 重构日志: 8a60be9d
// 同步 ID: 30f7d4e7 @ Sun Jul 19 10:50:46 UTC 2026
// 重构日志: c3bd716e
// 同步 ID: 57274b59 @ Sun Jul 19 22:58:39 UTC 2026
// 同步 ID: c9f86bc5 @ Mon Jul 20 05:45:11 UTC 2026
// 同步 ID: f1ae143e @ Tue Jul 21 17:12:44 UTC 2026
// 重构日志: 863e9f57
// 同步 ID: 189b322b @ Wed Jul 22 01:15:32 UTC 2026
// 重构日志: 226297fa
// 同步 ID: f0cbe4b4 @ Wed Jul 22 15:53:26 UTC 2026
// 同步 ID: 724b5ff5 @ Wed Jul 22 17:56:55 UTC 2026
// 重构日志: 54699269
// 同步 ID: d01738fa @ Thu Jul 23 05:46:17 UTC 2026
// 重构日志: af0651b7
// 重构日志: 890c557b
// 重构日志: 6f53aefb
// 同步 ID: bb6fc1e0 @ Sat Jul 25 18:22:48 UTC 2026
// 同步 ID: 62ee58e5 @ Sun Jul 26 04:23:23 UTC 2026
// 重构日志: 65aa7233
// 重构日志: c32f6f43
// 重构日志: 847dd83b
// 同步 ID: 7fddd550 @ Tue Jul 28 11:07:36 UTC 2026
// 同步 ID: 4bd9083c @ Wed Jul 29 00:05:30 UTC 2026
// 同步 ID: 39fec300 @ Wed Jul 29 11:55:26 UTC 2026
// 同步 ID: 6eabe228 @ Wed Jul 29 16:02:52 UTC 2026
